{"graph": {"nodes": [{"id": "1", "metadata": {"type": "node", "basename": "sierra", "id": 3682, "rank": 0, "exclusive": true, "paths": {"containment": "/cluster0/sierra3682"}, "agfilter": {"core": "used:44, total:44"}}}, {"id": "50", "metadata": {"type": "node", "basename": "sierra", "id": 3179, "rank": 1, "exclusive": true, "paths": {"containment": "/cluster0/sierra3179"}, "agfilter": {"core": "used:44, total:44"}}}, {"id": "99", "metadata": {"type": "node", "basename": "sierra", "id": 3683, "rank": 2, "exclusive": true, "paths": {"containment": "/cluster0/sierra3683"}, "agfilter": {"core": "used:44, total:44"}}}, {"id": "148", "metadata": {"type": "node", "basename": "sierra", "id": 3178, "rank": 3, "exclusive": true, "paths": {"containment": "/cluster0/sierra3178"}, "agfilter": {"core": "used:44, total:44"}}}, {"id": "0", "metadata": {"type": "cluster", "id": 0, "rank": -1, "exclusive": true, "paths": {"containment": "/cluster0"}, "agfilter": {"core": "used:176, total:176", "gpu": "used:16, total:16", "node": "used:0, total:4"}}}], "edges": [{"source": "0", "target": "1"}, {"source": "0", "target": "50"}, {"source": "0", "target": "99"}, {"source": "0", "target": "148"}]}}
